<?xml version="1.0" encoding="utf-8"?>
<TestRun id="32911950-bd55-4340-99c4-9065e8c3e08d" name="@192 2026-10-08 18:54:49" xmlns="http://microsoft.com/schemas/VisualStudio/TeamTest/2010">
  <Times creation="2026-10-08T18:54:49.1846490+05:30" queuing="2026-10-08T18:54:49.1846500+05:30" start="2026-10-08T18:54:48.7694290+05:30" finish="2026-10-08T18:54:49.1869130+05:30" />
  <TestSettings name="default" id="7098ac01-cbcb-4a67-85d1-6fe01de0e0a9">
    <Deployment runDeploymentRoot="_192_2026-10-08_18_54_49" />
  </TestSettings>
  <Results>
    <UnitTestResult executionId="bc2f4131-0ba8-4b30-af4e-9d941a7e08d6" testId="a1d854d3-f9e2-0ab1-7bac-16bf764bc711" testName="CareFlowAI.API.Tests.DomainAnalysisAgentTests.Agent_throws_on_invalid_risk_level_rather_than_defaulting" computerName="192" duration="00:00:00.0400095" startTime="2026-10-08T18:54:49.1436990+05:30" endTime="2026-10-08T18:54:49.1437060+05:30" testType="13cdc9d9-ddb5-4fa4-a97d-d965ccfc6d4b" outcome="Passed" testListId="8c84fa94-04c1-424b-9868-57a2d4851a1d" relativeResultsDirectory="bc2f4131-0ba8-4b30-af4e-9d941a7e08d6" />
  </Results>
  <TestDefinitions>
    <UnitTest name="CareFlowAI.API.Tests.DomainAnalysisAgentTests.Agent_throws_on_invalid_risk_level_rather_than_defaulting" storage="/users/sujana/documents/careflow-ai_se_039/backend-api.tests/bin/debug/net8.0/careflowai.api.tests.dll" id="a1d854d3-f9e2-0ab1-7bac-16bf764bc711">
      <Execution id="bc2f4131-0ba8-4b30-af4e-9d941a7e08d6" />
      <TestMethod codeBase="/Users/sujana/Documents/CareFlow-AI_SE_039/backend-api.Tests/bin/Debug/net8.0/CareFlowAI.API.Tests.dll" adapterTypeName="executor://xunit/VsTestRunner2/netcoreapp" className="CareFlowAI.API.Tests.DomainAnalysisAgentTests" name="Agent_throws_on_invalid_risk_level_rather_than_defaulting" />
    </UnitTest>
  </TestDefinitions>
  <TestEntries>
    <TestEntry testId="a1d854d3-f9e2-0ab1-7bac-16bf764bc711" executionId="bc2f4131-0ba8-4b30-af4e-9d941a7e08d6" testListId="8c84fa94-04c1-424b-9868-57a2d4851a1d" />
  </TestEntries>
  <TestLists>
    <TestList name="Results Not in a List" id="8c84fa94-04c1-424b-9868-57a2d4851a1d" />
    <TestList name="All Loaded Results" id="19431567-8539-422a-85d7-44ee4e166bda" />
  </TestLists>
  <ResultSummary outcome="Completed">
    <Counters total="1" executed="1" passed="1" failed="0" error="0" timeout="0" aborted="0" inconclusive="0" passedButRunAborted="0" notRunnable="0" notExecuted="0" disconnected="0" warning="0" completed="0" inProgress="0" pending="0" />
    <Output>
      <StdOut>[xUnit.net 00:00:00.00] xUnit.net VSTest Adapter v2.5.3.1+6b60a9e56a (64-bit .NET 8.0.29)
[xUnit.net 00:00:00.06]   Discovering: CareFlowAI.API.Tests
[xUnit.net 00:00:00.08]   Discovered:  CareFlowAI.API.Tests
[xUnit.net 00:00:00.08]   Starting:    CareFlowAI.API.Tests
[xUnit.net 00:00:00.14]   Finished:    CareFlowAI.API.Tests
</StdOut>
    </Output>
  </ResultSummary>
</TestRun>